#-----------------------------------------------------------
# Webtalk v2020.2 (64-bit)
# SW Build 3064766 on Wed Nov 18 09:12:45 MST 2020
# IP Build 3064653 on Wed Nov 18 14:17:31 MST 2020
# Start of session at: Tue Feb 22 19:30:42 2022
# Process ID: 12696
# Current directory: C:/Users/veron/Desktop/TEC/2022/ISemestre/TallerDigitales/Lab1/codigo/Taller-Digitales-LAB1/Ejercicio_1/Ejercicio_1.sim/sim_1/synth/timing/xsim
# Command line: wbtcv.exe -mode batch -source C:/Users/veron/Desktop/TEC/2022/ISemestre/TallerDigitales/Lab1/codigo/Taller-Digitales-LAB1/Ejercicio_1/Ejercicio_1.sim/sim_1/synth/timing/xsim/xsim.dir/ON_OFF_Switches_time_synth/webtalk/xsim_webtalk.tcl -notrace
# Log file: C:/Users/veron/Desktop/TEC/2022/ISemestre/TallerDigitales/Lab1/codigo/Taller-Digitales-LAB1/Ejercicio_1/Ejercicio_1.sim/sim_1/synth/timing/xsim/webtalk.log
# Journal file: C:/Users/veron/Desktop/TEC/2022/ISemestre/TallerDigitales/Lab1/codigo/Taller-Digitales-LAB1/Ejercicio_1/Ejercicio_1.sim/sim_1/synth/timing/xsim\webtalk.jou
#-----------------------------------------------------------
source C:/Users/veron/Desktop/TEC/2022/ISemestre/TallerDigitales/Lab1/codigo/Taller-Digitales-LAB1/Ejercicio_1/Ejercicio_1.sim/sim_1/synth/timing/xsim/xsim.dir/ON_OFF_Switches_time_synth/webtalk/xsim_webtalk.tcl -notrace
