#-----------------------------------------------------------
# Vivado v2020.2 (64-bit)
# SW Build 3064766 on Wed Nov 18 09:12:45 MST 2020
# IP Build 3064653 on Wed Nov 18 14:17:31 MST 2020
# Start of session at: Mon Feb 28 22:10:11 2022
# Process ID: 12216
# Current directory: C:/Users/veron/Desktop/TEC/2022/ISemestre/TallerDigitales/Lab1/codigo/Taller-Digitales-LAB1/project_1
# Command line: vivado.exe -gui_launcher_event rodinguilauncherevent25296 C:\Users\veron\Desktop\TEC\2022\ISemestre\TallerDigitales\Lab1\codigo\Taller-Digitales-LAB1\project_1\project_1.xpr
# Log file: C:/Users/veron/Desktop/TEC/2022/ISemestre/TallerDigitales/Lab1/codigo/Taller-Digitales-LAB1/project_1/vivado.log
# Journal file: C:/Users/veron/Desktop/TEC/2022/ISemestre/TallerDigitales/Lab1/codigo/Taller-Digitales-LAB1/project_1\vivado.jou
#-----------------------------------------------------------
start_gui
open_project C:/Users/veron/Desktop/TEC/2022/ISemestre/TallerDigitales/Lab1/codigo/Taller-Digitales-LAB1/project_1/project_1.xpr
update_compile_order -fileset sources_1
